[baseboomer.com/index.html]
[baseboomer.com/images/basebooerlogo-new.ico]
[code.jquery.com/jquery-3.6.0.min.js]
[code.jquery.com/ui/1.13.1/jquery-ui.min.js]
[backblue.gif]
[fade.gif]
[index.html]
[baseboomer.com/css/main.css]
[baseboomer.com/images/logo.svg]
[baseboomer.com/balls.html]
[baseboomer.com/images/animatedboomer.webp]
[baseboomer.com/images/boomersanimated.webp]
[baseboomer.com/images/lawnboomer.webp]
[baseboomer.com/images/arrow.svg]
[baseboomer.com/images/education-icon.svg]
[baseboomer.com/images/transparency-icon.svg]
[baseboomer.com/images/boarding-icon.svg]
[baseboomer.com/images/organic-icon.svg]
[baseboomer.com/images/community-icon.svg]
[baseboomer.com/images/entertainment-icon.svg]
[baseboomer.com/images/pete.webp]
[baseboomer.com/images/crypto-rich-boomer.webp]
[baseboomer.com/images/biker-boomer.webp]
[baseboomer.com/images/boomer-token.webp]
[baseboomer.com/images/cryptodadboomervideo.webp]
[baseboomer.com/images/videoplaceholder1.webp]
[baseboomer.com/images/videoplaceholder2.webp]
[baseboomer.com/images/boomer1.webp]
[baseboomer.com/images/boomer2.webp]
[baseboomer.com/images/boomer3.webp]
[baseboomer.com/images/boomer4.webp]
[baseboomer.com/images/boomer5.webp]
[baseboomer.com/images/boomer6.webp]
[baseboomer.com/images/boomer7.webp]
[baseboomer.com/images/boomer8.webp]
[baseboomer.com/images/boomer9.webp]
[baseboomer.com/images/boomer10.webp]
[baseboomer.com/images/boomer11.webp]
[baseboomer.com/images/handwithphone.svg]
[baseboomer.com/images/white-logo.svg]
[baseboomer.com/js/scripts.js]
[baseboomer.com/index.html]
[app.debridge.finance/assets/scripts/widget.js]
[baseboomer.com/images/menubackground.svg]
[baseboomer.com/images/mobile/scrollablesky.webp]
[baseboomer.com/images/mobile/sandwich.svg]
[baseboomer.com/images/mobile/close.svg]
[baseboomer.com/images/white-splash-divider.svg]
[baseboomer.com/images/divider.webp]
[baseboomer.com/images/background.webp]
[baseboomer.com/images/basebg.svg]
[baseboomer.com/images/header-background.svg]
[baseboomer.com/images/scrollablesky.webp]
[baseboomer.com/images/frame-bg.svg]
[baseboomer.com/images/schoolboomer.svg]
[baseboomer.com/images/mountains.svg]
[baseboomer.com/images/playbutton-white.svg]
[baseboomer.com/images/divider-dark.webp]
[baseboomer.com/images/telegram.svg]
[baseboomer.com/images/twitterx.svg]
[baseboomer.com/images/tiktok.svg]
[baseboomer.com/images/instagram.svg]
[baseboomer.com/images/youtube.svg]
[baseboomer.com/images/warpcast.svg]
[baseboomer.com/images/shopify.svg]
[baseboomer.com/images/dextools.png]
[baseboomer.com/css/main.css]
[baseboomer.com/images/logo.svg]
[baseboomer.com/images/phonemask.svg]
[baseboomer.com/images/dballs.jpg]
[baseboomer.com/images/dballsmobile.jpg]
[baseboomer.com/balls.html]
[baseboomer.com/images/arrow.svg]
[baseboomer.com/images/education-icon.svg]
[baseboomer.com/images/transparency-icon.svg]
[baseboomer.com/images/boarding-icon.svg]
[baseboomer.com/images/organic-icon.svg]
[baseboomer.com/images/community-icon.svg]
[baseboomer.com/images/entertainment-icon.svg]
[baseboomer.com/images/handwithphone.svg]
[baseboomer.com/images/white-logo.svg]
[baseboomer.com/images/menubackground.svg]
[baseboomer.com/images/mobile/sandwich.svg]
[baseboomer.com/images/mobile/close.svg]
[baseboomer.com/images/white-splash-divider.svg]
[baseboomer.com/images/basebg.svg]
[baseboomer.com/images/header-background.svg]
[baseboomer.com/images/frame-bg.svg]
[baseboomer.com/images/schoolboomer.svg]
[baseboomer.com/images/mountains.svg]
[baseboomer.com/images/playbutton-white.svg]
[baseboomer.com/images/telegram.svg]
[baseboomer.com/images/twitterx.svg]
[baseboomer.com/images/tiktok.svg]
[baseboomer.com/images/instagram.svg]
[baseboomer.com/images/youtube.svg]
[baseboomer.com/images/warpcast.svg]
[baseboomer.com/images/shopify.svg]
[baseboomer.com/images/phonemask.svg]
[baseboomer.com/js/balls.js]
